// Jest Snapshot v1, https://goo.gl/fbAQLP

exports[`d3charts it matches the snapshot 1`] = `
<div>
  <svg
    height={30}
    width={30}
  >
    <line
      className="axis"
      x1={20}
      x2={-10}
      y1={-10}
      y2={-10}
    />
    <line
      className="axis"
      x1={20}
      x2={20}
      y1={20}
      y2={-10}
    />
    // @ts-ignore
    <path
      className="curve-line"
      d="M5,20Z"
    />
    // @ts-ignore
    <path
      className="border-line"
      d="M5,-10L5,90"
    />
    <g
      className="axis-labels"
    />
    <g
      className="axis-labels"
    />
    <g>
      <g>
        <circle
          className="circle"
          cx={5}
          cy={20}
          onMouseOut={[Function]}
          onMouseOver={[Function]}
          r={6}
        />
      </g>
    </g>
    <g>
      <rect
        className="tooltip-thresh"
        display="none"
        height="25"
        width={70}
        x={5}
        y={-2.999999999999999}
      />
      <text
        className="tooltip-text"
        display="none"
        x={5}
        y={-8}
      >
        thrld : 
        0
      </text>
      <rect
        className="tooltip-blue"
        display="none"
        height="25"
        width={35}
        x={5}
        y={-10}
      />
      <text
        className="tooltip-text"
        display="none"
        x={5}
        y={-15}
      >
        0
      </text>
      <rect
        className="tooltip-red"
        display="none"
        height="25"
        width={35}
        x={5}
        y={-10}
      />
      <text
        className="tooltip-text"
        display="none"
        fill="black"
        fontFamily="Verdana"
        fontSize="12"
        x={5}
        y={-15}
      >
        0
      </text>
      <rect
        className="tooltip-red"
        display="none"
        height="25"
        width={35}
        x={5}
        y={-18.5}
      />
      <text
        className="tooltip-text"
        display="none"
        fill="black"
        fontFamily="Verdana"
        fontSize="12"
        x={5}
        y={-23.5}
      >
        0
      </text>
      <rect
        className="tooltip-blue"
        display="none"
        height="25"
        width={35}
        x={5}
        y={-18.5}
      />
      <text
        className="tooltip-text"
        display="none"
        fill="black"
        fontFamily="Verdana"
        fontSize="12"
        x={5}
        y={-23.5}
      >
        0
      </text>
    </g>
  </svg>
</div>
`;
